Archive member included to satisfy reference by file (symbol)

c:/users/mehme/desktop/7.0/toolchain/avr8/avr8-gnu-toolchain/bin/../lib/gcc/avr/5.4.0/avrxmega3/short-calls\libgcc.a(_divmodsi4.o)
                              main.o (__divmodsi4)
c:/users/mehme/desktop/7.0/toolchain/avr8/avr8-gnu-toolchain/bin/../lib/gcc/avr/5.4.0/avrxmega3/short-calls\libgcc.a(_negsi2.o)
                              c:/users/mehme/desktop/7.0/toolchain/avr8/avr8-gnu-toolchain/bin/../lib/gcc/avr/5.4.0/avrxmega3/short-calls\libgcc.a(_divmodsi4.o) (__negsi2)
c:/users/mehme/desktop/7.0/toolchain/avr8/avr8-gnu-toolchain/bin/../lib/gcc/avr/5.4.0/avrxmega3/short-calls\libgcc.a(_exit.o)
                              C:/Users/mehme/Desktop/7.0/Packs/atmel/ATmega_DFP/1.6.364/gcc/dev/atmega808/avrxmega3/short-calls/crtatmega808.o (exit)
c:/users/mehme/desktop/7.0/toolchain/avr8/avr8-gnu-toolchain/bin/../lib/gcc/avr/5.4.0/avrxmega3/short-calls\libgcc.a(_clear_bss.o)
                              main.o (__do_clear_bss)
c:/users/mehme/desktop/7.0/toolchain/avr8/avr8-gnu-toolchain/bin/../lib/gcc/avr/5.4.0/avrxmega3/short-calls\libgcc.a(_muluhisi3.o)
                              main.o (__muluhisi3)
c:/users/mehme/desktop/7.0/toolchain/avr8/avr8-gnu-toolchain/bin/../lib/gcc/avr/5.4.0/avrxmega3/short-calls\libgcc.a(_adddi3_s8.o)
                              main.o (__adddi3_s8)
c:/users/mehme/desktop/7.0/toolchain/avr8/avr8-gnu-toolchain/bin/../lib/gcc/avr/5.4.0/avrxmega3/short-calls\libgcc.a(_udivmodsi4.o)
                              c:/users/mehme/desktop/7.0/toolchain/avr8/avr8-gnu-toolchain/bin/../lib/gcc/avr/5.4.0/avrxmega3/short-calls\libgcc.a(_divmodsi4.o) (__udivmodsi4)
c:/users/mehme/desktop/7.0/toolchain/avr8/avr8-gnu-toolchain/bin/../lib/gcc/avr/5.4.0/avrxmega3/short-calls\libgcc.a(_umulhisi3.o)
                              c:/users/mehme/desktop/7.0/toolchain/avr8/avr8-gnu-toolchain/bin/../lib/gcc/avr/5.4.0/avrxmega3/short-calls\libgcc.a(_muluhisi3.o) (__umulhisi3)

Allocating common symbols
Common symbol       size              file

LightState          0x1               main.o
InputState          0x1               main.o
RepeatState         0x1               main.o
i                   0x2               main.o
State               0x1               main.o
NECState            0x1               main.o
BrightModeState     0x1               main.o
DevModeLightState   0x1               main.o
PreviousBrightModeState
                    0x1               main.o
BuzzerState         0x1               main.o

Discarded input sections

 .data          0x00000000        0x0 C:/Users/mehme/Desktop/7.0/Packs/atmel/ATmega_DFP/1.6.364/gcc/dev/atmega808/avrxmega3/short-calls/crtatmega808.o
 .bss           0x00000000        0x0 C:/Users/mehme/Desktop/7.0/Packs/atmel/ATmega_DFP/1.6.364/gcc/dev/atmega808/avrxmega3/short-calls/crtatmega808.o
 .text          0x00000000        0x0 main.o
 .data          0x00000000        0x0 main.o
 .bss           0x00000000        0x0 main.o
 .bss.Light_Level
                0x00000000        0x2 main.o
 .bss.bit_counter
                0x00000000        0x4 main.o
 .bss.start_counter
                0x00000000        0x2 main.o
 .avr.prop      0x00000000       0x70 main.o
 .text          0x00000000        0x0 c:/users/mehme/desktop/7.0/toolchain/avr8/avr8-gnu-toolchain/bin/../lib/gcc/avr/5.4.0/avrxmega3/short-calls\libgcc.a(_divmodsi4.o)
 .data          0x00000000        0x0 c:/users/mehme/desktop/7.0/toolchain/avr8/avr8-gnu-toolchain/bin/../lib/gcc/avr/5.4.0/avrxmega3/short-calls\libgcc.a(_divmodsi4.o)
 .bss           0x00000000        0x0 c:/users/mehme/desktop/7.0/toolchain/avr8/avr8-gnu-toolchain/bin/../lib/gcc/avr/5.4.0/avrxmega3/short-calls\libgcc.a(_divmodsi4.o)
 .text.libgcc.mul
                0x00000000        0x0 c:/users/mehme/desktop/7.0/toolchain/avr8/avr8-gnu-toolchain/bin/../lib/gcc/avr/5.4.0/avrxmega3/short-calls\libgcc.a(_divmodsi4.o)
 .text.libgcc   0x00000000        0x0 c:/users/mehme/desktop/7.0/toolchain/avr8/avr8-gnu-toolchain/bin/../lib/gcc/avr/5.4.0/avrxmega3/short-calls\libgcc.a(_divmodsi4.o)
 .text.libgcc.prologue
                0x00000000        0x0 c:/users/mehme/desktop/7.0/toolchain/avr8/avr8-gnu-toolchain/bin/../lib/gcc/avr/5.4.0/avrxmega3/short-calls\libgcc.a(_divmodsi4.o)
 .text.libgcc.builtins
                0x00000000        0x0 c:/users/mehme/desktop/7.0/toolchain/avr8/avr8-gnu-toolchain/bin/../lib/gcc/avr/5.4.0/avrxmega3/short-calls\libgcc.a(_divmodsi4.o)
 .text.libgcc.fmul
                0x00000000        0x0 c:/users/mehme/desktop/7.0/toolchain/avr8/avr8-gnu-toolchain/bin/../lib/gcc/avr/5.4.0/avrxmega3/short-calls\libgcc.a(_divmodsi4.o)
 .text.libgcc.fixed
                0x00000000        0x0 c:/users/mehme/desktop/7.0/toolchain/avr8/avr8-gnu-toolchain/bin/../lib/gcc/avr/5.4.0/avrxmega3/short-calls\libgcc.a(_divmodsi4.o)
 .text          0x00000000        0x0 c:/users/mehme/desktop/7.0/toolchain/avr8/avr8-gnu-toolchain/bin/../lib/gcc/avr/5.4.0/avrxmega3/short-calls\libgcc.a(_negsi2.o)
 .data          0x00000000        0x0 c:/users/mehme/desktop/7.0/toolchain/avr8/avr8-gnu-toolchain/bin/../lib/gcc/avr/5.4.0/avrxmega3/short-calls\libgcc.a(_negsi2.o)
 .bss           0x00000000        0x0 c:/users/mehme/desktop/7.0/toolchain/avr8/avr8-gnu-toolchain/bin/../lib/gcc/avr/5.4.0/avrxmega3/short-calls\libgcc.a(_negsi2.o)
 .text.libgcc.mul
                0x00000000        0x0 c:/users/mehme/desktop/7.0/toolchain/avr8/avr8-gnu-toolchain/bin/../lib/gcc/avr/5.4.0/avrxmega3/short-calls\libgcc.a(_negsi2.o)
 .text.libgcc   0x00000000        0x0 c:/users/mehme/desktop/7.0/toolchain/avr8/avr8-gnu-toolchain/bin/../lib/gcc/avr/5.4.0/avrxmega3/short-calls\libgcc.a(_negsi2.o)
 .text.libgcc.prologue
                0x00000000        0x0 c:/users/mehme/desktop/7.0/toolchain/avr8/avr8-gnu-toolchain/bin/../lib/gcc/avr/5.4.0/avrxmega3/short-calls\libgcc.a(_negsi2.o)
 .text.libgcc.builtins
                0x00000000        0x0 c:/users/mehme/desktop/7.0/toolchain/avr8/avr8-gnu-toolchain/bin/../lib/gcc/avr/5.4.0/avrxmega3/short-calls\libgcc.a(_negsi2.o)
 .text.libgcc.fmul
                0x00000000        0x0 c:/users/mehme/desktop/7.0/toolchain/avr8/avr8-gnu-toolchain/bin/../lib/gcc/avr/5.4.0/avrxmega3/short-calls\libgcc.a(_negsi2.o)
 .text.libgcc.fixed
                0x00000000        0x0 c:/users/mehme/desktop/7.0/toolchain/avr8/avr8-gnu-toolchain/bin/../lib/gcc/avr/5.4.0/avrxmega3/short-calls\libgcc.a(_negsi2.o)
 .text          0x00000000        0x0 c:/users/mehme/desktop/7.0/toolchain/avr8/avr8-gnu-toolchain/bin/../lib/gcc/avr/5.4.0/avrxmega3/short-calls\libgcc.a(_exit.o)
 .data          0x00000000        0x0 c:/users/mehme/desktop/7.0/toolchain/avr8/avr8-gnu-toolchain/bin/../lib/gcc/avr/5.4.0/avrxmega3/short-calls\libgcc.a(_exit.o)
 .bss           0x00000000        0x0 c:/users/mehme/desktop/7.0/toolchain/avr8/avr8-gnu-toolchain/bin/../lib/gcc/avr/5.4.0/avrxmega3/short-calls\libgcc.a(_exit.o)
 .text.libgcc.mul
                0x00000000        0x0 c:/users/mehme/desktop/7.0/toolchain/avr8/avr8-gnu-toolchain/bin/../lib/gcc/avr/5.4.0/avrxmega3/short-calls\libgcc.a(_exit.o)
 .text.libgcc.div
                0x00000000        0x0 c:/users/mehme/desktop/7.0/toolchain/avr8/avr8-gnu-toolchain/bin/../lib/gcc/avr/5.4.0/avrxmega3/short-calls\libgcc.a(_exit.o)
 .text.libgcc   0x00000000        0x0 c:/users/mehme/desktop/7.0/toolchain/avr8/avr8-gnu-toolchain/bin/../lib/gcc/avr/5.4.0/avrxmega3/short-calls\libgcc.a(_exit.o)
 .text.libgcc.prologue
                0x00000000        0x0 c:/users/mehme/desktop/7.0/toolchain/avr8/avr8-gnu-toolchain/bin/../lib/gcc/avr/5.4.0/avrxmega3/short-calls\libgcc.a(_exit.o)
 .text.libgcc.builtins
                0x00000000        0x0 c:/users/mehme/desktop/7.0/toolchain/avr8/avr8-gnu-toolchain/bin/../lib/gcc/avr/5.4.0/avrxmega3/short-calls\libgcc.a(_exit.o)
 .text.libgcc.fmul
                0x00000000        0x0 c:/users/mehme/desktop/7.0/toolchain/avr8/avr8-gnu-toolchain/bin/../lib/gcc/avr/5.4.0/avrxmega3/short-calls\libgcc.a(_exit.o)
 .text.libgcc.fixed
                0x00000000        0x0 c:/users/mehme/desktop/7.0/toolchain/avr8/avr8-gnu-toolchain/bin/../lib/gcc/avr/5.4.0/avrxmega3/short-calls\libgcc.a(_exit.o)
 .text          0x00000000        0x0 c:/users/mehme/desktop/7.0/toolchain/avr8/avr8-gnu-toolchain/bin/../lib/gcc/avr/5.4.0/avrxmega3/short-calls\libgcc.a(_clear_bss.o)
 .data          0x00000000        0x0 c:/users/mehme/desktop/7.0/toolchain/avr8/avr8-gnu-toolchain/bin/../lib/gcc/avr/5.4.0/avrxmega3/short-calls\libgcc.a(_clear_bss.o)
 .bss           0x00000000        0x0 c:/users/mehme/desktop/7.0/toolchain/avr8/avr8-gnu-toolchain/bin/../lib/gcc/avr/5.4.0/avrxmega3/short-calls\libgcc.a(_clear_bss.o)
 .text.libgcc.mul
                0x00000000        0x0 c:/users/mehme/desktop/7.0/toolchain/avr8/avr8-gnu-toolchain/bin/../lib/gcc/avr/5.4.0/avrxmega3/short-calls\libgcc.a(_clear_bss.o)
 .text.libgcc.div
                0x00000000        0x0 c:/users/mehme/desktop/7.0/toolchain/avr8/avr8-gnu-toolchain/bin/../lib/gcc/avr/5.4.0/avrxmega3/short-calls\libgcc.a(_clear_bss.o)
 .text.libgcc   0x00000000        0x0 c:/users/mehme/desktop/7.0/toolchain/avr8/avr8-gnu-toolchain/bin/../lib/gcc/avr/5.4.0/avrxmega3/short-calls\libgcc.a(_clear_bss.o)
 .text.libgcc.prologue
                0x00000000        0x0 c:/users/mehme/desktop/7.0/toolchain/avr8/avr8-gnu-toolchain/bin/../lib/gcc/avr/5.4.0/avrxmega3/short-calls\libgcc.a(_clear_bss.o)
 .text.libgcc.builtins
                0x00000000        0x0 c:/users/mehme/desktop/7.0/toolchain/avr8/avr8-gnu-toolchain/bin/../lib/gcc/avr/5.4.0/avrxmega3/short-calls\libgcc.a(_clear_bss.o)
 .text.libgcc.fmul
                0x00000000        0x0 c:/users/mehme/desktop/7.0/toolchain/avr8/avr8-gnu-toolchain/bin/../lib/gcc/avr/5.4.0/avrxmega3/short-calls\libgcc.a(_clear_bss.o)
 .text.libgcc.fixed
                0x00000000        0x0 c:/users/mehme/desktop/7.0/toolchain/avr8/avr8-gnu-toolchain/bin/../lib/gcc/avr/5.4.0/avrxmega3/short-calls\libgcc.a(_clear_bss.o)
 .text          0x00000000        0x0 c:/users/mehme/desktop/7.0/toolchain/avr8/avr8-gnu-toolchain/bin/../lib/gcc/avr/5.4.0/avrxmega3/short-calls\libgcc.a(_muluhisi3.o)
 .data          0x00000000        0x0 c:/users/mehme/desktop/7.0/toolchain/avr8/avr8-gnu-toolchain/bin/../lib/gcc/avr/5.4.0/avrxmega3/short-calls\libgcc.a(_muluhisi3.o)
 .bss           0x00000000        0x0 c:/users/mehme/desktop/7.0/toolchain/avr8/avr8-gnu-toolchain/bin/../lib/gcc/avr/5.4.0/avrxmega3/short-calls\libgcc.a(_muluhisi3.o)
 .text.libgcc.div
                0x00000000        0x0 c:/users/mehme/desktop/7.0/toolchain/avr8/avr8-gnu-toolchain/bin/../lib/gcc/avr/5.4.0/avrxmega3/short-calls\libgcc.a(_muluhisi3.o)
 .text.libgcc   0x00000000        0x0 c:/users/mehme/desktop/7.0/toolchain/avr8/avr8-gnu-toolchain/bin/../lib/gcc/avr/5.4.0/avrxmega3/short-calls\libgcc.a(_muluhisi3.o)
 .text.libgcc.prologue
                0x00000000        0x0 c:/users/mehme/desktop/7.0/toolchain/avr8/avr8-gnu-toolchain/bin/../lib/gcc/avr/5.4.0/avrxmega3/short-calls\libgcc.a(_muluhisi3.o)
 .text.libgcc.builtins
                0x00000000        0x0 c:/users/mehme/desktop/7.0/toolchain/avr8/avr8-gnu-toolchain/bin/../lib/gcc/avr/5.4.0/avrxmega3/short-calls\libgcc.a(_muluhisi3.o)
 .text.libgcc.fmul
                0x00000000        0x0 c:/users/mehme/desktop/7.0/toolchain/avr8/avr8-gnu-toolchain/bin/../lib/gcc/avr/5.4.0/avrxmega3/short-calls\libgcc.a(_muluhisi3.o)
 .text.libgcc.fixed
                0x00000000        0x0 c:/users/mehme/desktop/7.0/toolchain/avr8/avr8-gnu-toolchain/bin/../lib/gcc/avr/5.4.0/avrxmega3/short-calls\libgcc.a(_muluhisi3.o)
 .text          0x00000000        0x0 c:/users/mehme/desktop/7.0/toolchain/avr8/avr8-gnu-toolchain/bin/../lib/gcc/avr/5.4.0/avrxmega3/short-calls\libgcc.a(_adddi3_s8.o)
 .data          0x00000000        0x0 c:/users/mehme/desktop/7.0/toolchain/avr8/avr8-gnu-toolchain/bin/../lib/gcc/avr/5.4.0/avrxmega3/short-calls\libgcc.a(_adddi3_s8.o)
 .bss           0x00000000        0x0 c:/users/mehme/desktop/7.0/toolchain/avr8/avr8-gnu-toolchain/bin/../lib/gcc/avr/5.4.0/avrxmega3/short-calls\libgcc.a(_adddi3_s8.o)
 .text.libgcc.mul
                0x00000000        0x0 c:/users/mehme/desktop/7.0/toolchain/avr8/avr8-gnu-toolchain/bin/../lib/gcc/avr/5.4.0/avrxmega3/short-calls\libgcc.a(_adddi3_s8.o)
 .text.libgcc.div
                0x00000000        0x0 c:/users/mehme/desktop/7.0/toolchain/avr8/avr8-gnu-toolchain/bin/../lib/gcc/avr/5.4.0/avrxmega3/short-calls\libgcc.a(_adddi3_s8.o)
 .text.libgcc.prologue
                0x00000000        0x0 c:/users/mehme/desktop/7.0/toolchain/avr8/avr8-gnu-toolchain/bin/../lib/gcc/avr/5.4.0/avrxmega3/short-calls\libgcc.a(_adddi3_s8.o)
 .text.libgcc.builtins
                0x00000000        0x0 c:/users/mehme/desktop/7.0/toolchain/avr8/avr8-gnu-toolchain/bin/../lib/gcc/avr/5.4.0/avrxmega3/short-calls\libgcc.a(_adddi3_s8.o)
 .text.libgcc.fmul
                0x00000000        0x0 c:/users/mehme/desktop/7.0/toolchain/avr8/avr8-gnu-toolchain/bin/../lib/gcc/avr/5.4.0/avrxmega3/short-calls\libgcc.a(_adddi3_s8.o)
 .text.libgcc.fixed
                0x00000000        0x0 c:/users/mehme/desktop/7.0/toolchain/avr8/avr8-gnu-toolchain/bin/../lib/gcc/avr/5.4.0/avrxmega3/short-calls\libgcc.a(_adddi3_s8.o)
 .text          0x00000000        0x0 c:/users/mehme/desktop/7.0/toolchain/avr8/avr8-gnu-toolchain/bin/../lib/gcc/avr/5.4.0/avrxmega3/short-calls\libgcc.a(_udivmodsi4.o)
 .data          0x00000000        0x0 c:/users/mehme/desktop/7.0/toolchain/avr8/avr8-gnu-toolchain/bin/../lib/gcc/avr/5.4.0/avrxmega3/short-calls\libgcc.a(_udivmodsi4.o)
 .bss           0x00000000        0x0 c:/users/mehme/desktop/7.0/toolchain/avr8/avr8-gnu-toolchain/bin/../lib/gcc/avr/5.4.0/avrxmega3/short-calls\libgcc.a(_udivmodsi4.o)
 .text.libgcc.mul
                0x00000000        0x0 c:/users/mehme/desktop/7.0/toolchain/avr8/avr8-gnu-toolchain/bin/../lib/gcc/avr/5.4.0/avrxmega3/short-calls\libgcc.a(_udivmodsi4.o)
 .text.libgcc   0x00000000        0x0 c:/users/mehme/desktop/7.0/toolchain/avr8/avr8-gnu-toolchain/bin/../lib/gcc/avr/5.4.0/avrxmega3/short-calls\libgcc.a(_udivmodsi4.o)
 .text.libgcc.prologue
                0x00000000        0x0 c:/users/mehme/desktop/7.0/toolchain/avr8/avr8-gnu-toolchain/bin/../lib/gcc/avr/5.4.0/avrxmega3/short-calls\libgcc.a(_udivmodsi4.o)
 .text.libgcc.builtins
                0x00000000        0x0 c:/users/mehme/desktop/7.0/toolchain/avr8/avr8-gnu-toolchain/bin/../lib/gcc/avr/5.4.0/avrxmega3/short-calls\libgcc.a(_udivmodsi4.o)
 .text.libgcc.fmul
                0x00000000        0x0 c:/users/mehme/desktop/7.0/toolchain/avr8/avr8-gnu-toolchain/bin/../lib/gcc/avr/5.4.0/avrxmega3/short-calls\libgcc.a(_udivmodsi4.o)
 .text.libgcc.fixed
                0x00000000        0x0 c:/users/mehme/desktop/7.0/toolchain/avr8/avr8-gnu-toolchain/bin/../lib/gcc/avr/5.4.0/avrxmega3/short-calls\libgcc.a(_udivmodsi4.o)
 .text          0x00000000        0x0 c:/users/mehme/desktop/7.0/toolchain/avr8/avr8-gnu-toolchain/bin/../lib/gcc/avr/5.4.0/avrxmega3/short-calls\libgcc.a(_umulhisi3.o)
 .data          0x00000000        0x0 c:/users/mehme/desktop/7.0/toolchain/avr8/avr8-gnu-toolchain/bin/../lib/gcc/avr/5.4.0/avrxmega3/short-calls\libgcc.a(_umulhisi3.o)
 .bss           0x00000000        0x0 c:/users/mehme/desktop/7.0/toolchain/avr8/avr8-gnu-toolchain/bin/../lib/gcc/avr/5.4.0/avrxmega3/short-calls\libgcc.a(_umulhisi3.o)
 .text.libgcc.div
                0x00000000        0x0 c:/users/mehme/desktop/7.0/toolchain/avr8/avr8-gnu-toolchain/bin/../lib/gcc/avr/5.4.0/avrxmega3/short-calls\libgcc.a(_umulhisi3.o)
 .text.libgcc   0x00000000        0x0 c:/users/mehme/desktop/7.0/toolchain/avr8/avr8-gnu-toolchain/bin/../lib/gcc/avr/5.4.0/avrxmega3/short-calls\libgcc.a(_umulhisi3.o)
 .text.libgcc.prologue
                0x00000000        0x0 c:/users/mehme/desktop/7.0/toolchain/avr8/avr8-gnu-toolchain/bin/../lib/gcc/avr/5.4.0/avrxmega3/short-calls\libgcc.a(_umulhisi3.o)
 .text.libgcc.builtins
                0x00000000        0x0 c:/users/mehme/desktop/7.0/toolchain/avr8/avr8-gnu-toolchain/bin/../lib/gcc/avr/5.4.0/avrxmega3/short-calls\libgcc.a(_umulhisi3.o)
 .text.libgcc.fmul
                0x00000000        0x0 c:/users/mehme/desktop/7.0/toolchain/avr8/avr8-gnu-toolchain/bin/../lib/gcc/avr/5.4.0/avrxmega3/short-calls\libgcc.a(_umulhisi3.o)
 .text.libgcc.fixed
                0x00000000        0x0 c:/users/mehme/desktop/7.0/toolchain/avr8/avr8-gnu-toolchain/bin/../lib/gcc/avr/5.4.0/avrxmega3/short-calls\libgcc.a(_umulhisi3.o)

Memory Configuration

Name             Origin             Length             Attributes
text             0x00000000         0x00002000         xr
data             0x00803c00         0x00000400         rw !x
eeprom           0x00810000         0x00000100         rw !x
fuse             0x00820000         0x0000000a         rw !x
lock             0x00830000         0x00000400         rw !x
signature        0x00840000         0x00000400         rw !x
user_signatures  0x00850000         0x00000400         rw !x
*default*        0x00000000         0xffffffff

Linker script and memory map

Address of section .data set to 0x803c00
                0x00004000                __RODATA_PM_OFFSET__ = 0x4000
LOAD C:/Users/mehme/Desktop/7.0/Packs/atmel/ATmega_DFP/1.6.364/gcc/dev/atmega808/avrxmega3/short-calls/crtatmega808.o
LOAD main.o
START GROUP
LOAD c:/users/mehme/desktop/7.0/toolchain/avr8/avr8-gnu-toolchain/bin/../lib/gcc/avr/5.4.0/../../../../avr/lib/avrxmega3/short-calls\libm.a
END GROUP
START GROUP
LOAD c:/users/mehme/desktop/7.0/toolchain/avr8/avr8-gnu-toolchain/bin/../lib/gcc/avr/5.4.0/avrxmega3/short-calls\libgcc.a
LOAD c:/users/mehme/desktop/7.0/toolchain/avr8/avr8-gnu-toolchain/bin/../lib/gcc/avr/5.4.0/../../../../avr/lib/avrxmega3/short-calls\libm.a
LOAD c:/users/mehme/desktop/7.0/toolchain/avr8/avr8-gnu-toolchain/bin/../lib/gcc/avr/5.4.0/../../../../avr/lib/avrxmega3/short-calls\libc.a
LOAD C:/Users/mehme/Desktop/7.0/Packs/atmel/ATmega_DFP/1.6.364/gcc/dev/atmega808/avrxmega3/short-calls\libatmega808.a
END GROUP
                [0x00000000]                __TEXT_REGION_ORIGIN__ = DEFINED (__TEXT_REGION_ORIGIN__)?__TEXT_REGION_ORIGIN__:0x0
                [0x00803c00]                __DATA_REGION_ORIGIN__ = DEFINED (__DATA_REGION_ORIGIN__)?__DATA_REGION_ORIGIN__:0x802000
                [0x00002000]                __TEXT_REGION_LENGTH__ = DEFINED (__TEXT_REGION_LENGTH__)?__TEXT_REGION_LENGTH__:0x100000
                [0x00000400]                __DATA_REGION_LENGTH__ = DEFINED (__DATA_REGION_LENGTH__)?__DATA_REGION_LENGTH__:0xffa0
                [0x00000100]                __EEPROM_REGION_LENGTH__ = DEFINED (__EEPROM_REGION_LENGTH__)?__EEPROM_REGION_LENGTH__:0x10000
                [0x0000000a]                __FUSE_REGION_LENGTH__ = DEFINED (__FUSE_REGION_LENGTH__)?__FUSE_REGION_LENGTH__:0x400
                0x00000400                __LOCK_REGION_LENGTH__ = DEFINED (__LOCK_REGION_LENGTH__)?__LOCK_REGION_LENGTH__:0x400
                0x00000400                __SIGNATURE_REGION_LENGTH__ = DEFINED (__SIGNATURE_REGION_LENGTH__)?__SIGNATURE_REGION_LENGTH__:0x400
                0x00000400                __USER_SIGNATURE_REGION_LENGTH__ = DEFINED (__USER_SIGNATURE_REGION_LENGTH__)?__USER_SIGNATURE_REGION_LENGTH__:0x400
                0x00008000                __RODATA_PM_OFFSET__ = DEFINED (__RODATA_PM_OFFSET__)?__RODATA_PM_OFFSET__:0x8000

.hash
 *(.hash)

.dynsym
 *(.dynsym)

.dynstr
 *(.dynstr)

.gnu.version
 *(.gnu.version)

.gnu.version_d
 *(.gnu.version_d)

.gnu.version_r
 *(.gnu.version_r)

.rel.init
 *(.rel.init)

.rela.init
 *(.rela.init)

.rel.text
 *(.rel.text)
 *(.rel.text.*)
 *(.rel.gnu.linkonce.t*)

.rela.text
 *(.rela.text)
 *(.rela.text.*)
 *(.rela.gnu.linkonce.t*)

.rel.fini
 *(.rel.fini)

.rela.fini
 *(.rela.fini)

.rel.rodata
 *(.rel.rodata)
 *(.rel.rodata.*)
 *(.rel.gnu.linkonce.r*)

.rela.rodata
 *(.rela.rodata)
 *(.rela.rodata.*)
 *(.rela.gnu.linkonce.r*)

.rel.data
 *(.rel.data)
 *(.rel.data.*)
 *(.rel.gnu.linkonce.d*)

.rela.data
 *(.rela.data)
 *(.rela.data.*)
 *(.rela.gnu.linkonce.d*)

.rel.ctors
 *(.rel.ctors)

.rela.ctors
 *(.rela.ctors)

.rel.dtors
 *(.rel.dtors)

.rela.dtors
 *(.rela.dtors)

.rel.got
 *(.rel.got)

.rela.got
 *(.rela.got)

.rel.bss
 *(.rel.bss)

.rela.bss
 *(.rela.bss)

.rel.plt
 *(.rel.plt)

.rela.plt
 *(.rela.plt)

.text           0x00000000     0x1460
 *(.vectors)
 .vectors       0x00000000       0x90 C:/Users/mehme/Desktop/7.0/Packs/atmel/ATmega_DFP/1.6.364/gcc/dev/atmega808/avrxmega3/short-calls/crtatmega808.o
                0x00000000                __vector_default
                0x00000000                __vectors
 *(.vectors)
 *(.progmem.gcc*)
 .progmem.gcc_sw_table.Buzzer
                0x00000090       0x10 main.o
 .progmem.gcc_sw_table.AdjustBrightness
                0x000000a0       0x14 main.o
 .progmem.gcc_sw_table.incrementLight
                0x000000b4       0x12 main.o
 .progmem.gcc_sw_table.decrementLight
                0x000000c6       0x12 main.o
 .progmem.gcc_sw_table.setState
                0x000000d8        0xe main.o
 .progmem.gcc_sw_table.EEPROM_write
                0x000000e6       0x14 main.o
                0x000000fa                . = ALIGN (0x2)
                0x000000fa                __trampolines_start = .
 *(.trampolines)
 .trampolines   0x000000fa        0x0 linker stubs
 *(.trampolines*)
                0x000000fa                __trampolines_end = .
 *libprintf_flt.a:*(.progmem.data)
 *libc.a:*(.progmem.data)
 *(.progmem*)
                0x000000fa                . = ALIGN (0x2)
 *(.jumptables)
 *(.jumptables*)
 *(.lowtext)
 *(.lowtext*)
                0x000000fa                __ctors_start = .
 *(.ctors)
                0x000000fa                __ctors_end = .
                0x000000fa                __dtors_start = .
 *(.dtors)
                0x000000fa                __dtors_end = .
 SORT(*)(.ctors)
 SORT(*)(.dtors)
 *(.init0)
 .init0         0x000000fa        0x0 C:/Users/mehme/Desktop/7.0/Packs/atmel/ATmega_DFP/1.6.364/gcc/dev/atmega808/avrxmega3/short-calls/crtatmega808.o
                0x000000fa                __init
 *(.init0)
 *(.init1)
 *(.init1)
 *(.init2)
 .init2         0x000000fa        0xc C:/Users/mehme/Desktop/7.0/Packs/atmel/ATmega_DFP/1.6.364/gcc/dev/atmega808/avrxmega3/short-calls/crtatmega808.o
 *(.init2)
 *(.init3)
 *(.init3)
 *(.init4)
 .init4         0x00000106       0x10 c:/users/mehme/desktop/7.0/toolchain/avr8/avr8-gnu-toolchain/bin/../lib/gcc/avr/5.4.0/avrxmega3/short-calls\libgcc.a(_clear_bss.o)
                0x00000106                __do_clear_bss
 *(.init4)
 *(.init5)
 *(.init5)
 *(.init6)
 *(.init6)
 *(.init7)
 *(.init7)
 *(.init8)
 *(.init8)
 *(.init9)
 .init9         0x00000116        0x4 C:/Users/mehme/Desktop/7.0/Packs/atmel/ATmega_DFP/1.6.364/gcc/dev/atmega808/avrxmega3/short-calls/crtatmega808.o
 *(.init9)
 *(.text)
 .text          0x0000011a        0x2 C:/Users/mehme/Desktop/7.0/Packs/atmel/ATmega_DFP/1.6.364/gcc/dev/atmega808/avrxmega3/short-calls/crtatmega808.o
                0x0000011a                __vector_22
                0x0000011a                __vector_28
                0x0000011a                __vector_1
                0x0000011a                __vector_32
                0x0000011a                __vector_34
                0x0000011a                __vector_24
                0x0000011a                __vector_12
                0x0000011a                __bad_interrupt
                0x0000011a                __vector_31
                0x0000011a                __vector_35
                0x0000011a                __vector_23
                0x0000011a                __vector_30
                0x0000011a                __vector_25
                0x0000011a                __vector_11
                0x0000011a                __vector_13
                0x0000011a                __vector_7
                0x0000011a                __vector_27
                0x0000011a                __vector_5
                0x0000011a                __vector_33
                0x0000011a                __vector_4
                0x0000011a                __vector_9
                0x0000011a                __vector_2
                0x0000011a                __vector_21
                0x0000011a                __vector_15
                0x0000011a                __vector_29
                0x0000011a                __vector_8
                0x0000011a                __vector_26
                0x0000011a                __vector_14
                0x0000011a                __vector_10
                0x0000011a                __vector_16
                0x0000011a                __vector_18
                0x0000011a                __vector_20
                0x0000011c                . = ALIGN (0x2)
 *(.text.*)
 .text.Buzzer   0x0000011c      0x22c main.o
                0x0000011c                Buzzer
 .text.AdjustBrightness
                0x00000348       0x9c main.o
                0x00000348                AdjustBrightness
 .text.incrementLight
                0x000003e4       0x5e main.o
                0x000003e4                incrementLight
 .text.decrementLight
                0x00000442       0x5e main.o
                0x00000442                decrementLight
 .text.VerifyAddress
                0x000004a0       0x24 main.o
                0x000004a0                VerifyAddress
 .text.GenerateRepeatCode
                0x000004c4       0x5a main.o
                0x000004c4                GenerateRepeatCode
 .text.disableIR_ISR
                0x0000051e        0xa main.o
                0x0000051e                disableIR_ISR
 .text.enableIR_ISR
                0x00000528       0x14 main.o
                0x00000528                enableIR_ISR
 .text.disableRTC
                0x0000053c       0x20 main.o
                0x0000053c                disableRTC
 .text.enableRTC
                0x0000055c        0xc main.o
                0x0000055c                enableRTC
 .text.DevModeBlink
                0x00000568       0x82 main.o
                0x00000568                DevModeBlink
 .text.setState
                0x000005ea       0xd2 main.o
                0x000005ea                setState
 .text.WriteInput
                0x000006bc       0xce main.o
                0x000006bc                WriteInput
 .text.DecodeCommand
                0x0000078a       0xa4 main.o
                0x0000078a                DecodeCommand
 .text.IR_Read  0x0000082e      0x40e main.o
                0x0000082e                IR_Read
 .text.EEPROM_read
                0x00000c3c       0x16 main.o
                0x00000c3c                EEPROM_read
 .text.EEPROM_write
                0x00000c52       0x90 main.o
                0x00000c52                EEPROM_write
 .text.init_CLK
                0x00000ce2       0x16 main.o
                0x00000ce2                init_CLK
 .text.init_LED
                0x00000cf8        0xe main.o
                0x00000cf8                init_LED
 .text.init_Motor
                0x00000d06        0xc main.o
                0x00000d06                init_Motor
 .text.init_Buzzer
                0x00000d12       0x12 main.o
                0x00000d12                init_Buzzer
 .text.init_IR  0x00000d24       0x12 main.o
                0x00000d24                init_IR
 .text.init_RTC
                0x00000d36       0x2a main.o
                0x00000d36                init_RTC
 .text.init_Lights
                0x00000d60        0xc main.o
                0x00000d60                init_Lights
 .text.Initialize
                0x00000d6c       0x32 main.o
                0x00000d6c                Initialize
 .text.__vector_6
                0x00000d9e       0x4c main.o
                0x00000d9e                __vector_6
 .text.__vector_3
                0x00000dea      0x586 main.o
                0x00000dea                __vector_3
 .text.__vector_19
                0x00001370       0x14 main.o
                0x00001370                __vector_19
 .text.__vector_17
                0x00001384       0x14 main.o
                0x00001384                __vector_17
 .text.main     0x00001398        0x4 main.o
                0x00001398                main
 .text.libgcc.div
                0x0000139c       0x28 c:/users/mehme/desktop/7.0/toolchain/avr8/avr8-gnu-toolchain/bin/../lib/gcc/avr/5.4.0/avrxmega3/short-calls\libgcc.a(_divmodsi4.o)
                0x0000139c                __divmodsi4
 .text.libgcc.div
                0x000013c4       0x10 c:/users/mehme/desktop/7.0/toolchain/avr8/avr8-gnu-toolchain/bin/../lib/gcc/avr/5.4.0/avrxmega3/short-calls\libgcc.a(_negsi2.o)
                0x000013c4                __negsi2
 .text.libgcc.mul
                0x000013d4       0x14 c:/users/mehme/desktop/7.0/toolchain/avr8/avr8-gnu-toolchain/bin/../lib/gcc/avr/5.4.0/avrxmega3/short-calls\libgcc.a(_muluhisi3.o)
                0x000013d4                __muluhisi3
 .text.libgcc   0x000013e8       0x18 c:/users/mehme/desktop/7.0/toolchain/avr8/avr8-gnu-toolchain/bin/../lib/gcc/avr/5.4.0/avrxmega3/short-calls\libgcc.a(_adddi3_s8.o)
                0x000013e8                __adddi3_s8
 .text.libgcc.div
                0x00001400       0x44 c:/users/mehme/desktop/7.0/toolchain/avr8/avr8-gnu-toolchain/bin/../lib/gcc/avr/5.4.0/avrxmega3/short-calls\libgcc.a(_udivmodsi4.o)
                0x00001400                __udivmodsi4
 .text.libgcc.mul
                0x00001444       0x18 c:/users/mehme/desktop/7.0/toolchain/avr8/avr8-gnu-toolchain/bin/../lib/gcc/avr/5.4.0/avrxmega3/short-calls\libgcc.a(_umulhisi3.o)
                0x00001444                __umulhisi3
                0x0000145c                . = ALIGN (0x2)
 *(.fini9)
 .fini9         0x0000145c        0x0 c:/users/mehme/desktop/7.0/toolchain/avr8/avr8-gnu-toolchain/bin/../lib/gcc/avr/5.4.0/avrxmega3/short-calls\libgcc.a(_exit.o)
                0x0000145c                _exit
                0x0000145c                exit
 *(.fini9)
 *(.fini8)
 *(.fini8)
 *(.fini7)
 *(.fini7)
 *(.fini6)
 *(.fini6)
 *(.fini5)
 *(.fini5)
 *(.fini4)
 *(.fini4)
 *(.fini3)
 *(.fini3)
 *(.fini2)
 *(.fini2)
 *(.fini1)
 *(.fini1)
 *(.fini0)
 .fini0         0x0000145c        0x4 c:/users/mehme/desktop/7.0/toolchain/avr8/avr8-gnu-toolchain/bin/../lib/gcc/avr/5.4.0/avrxmega3/short-calls\libgcc.a(_exit.o)
 *(.fini0)
                0x00001460                _etext = .

.rodata
 *(.rodata)
 *(.rodata*)
 *(.gnu.linkonce.r*)

.data           0x00803c00        0x0 load address 0x00001460
                [!provide]                PROVIDE (__data_start, .)
 *(.data)
 *(.data*)
 *(.gnu.linkonce.d*)
                0x00803c00                . = ALIGN (0x2)
                0x00803c00                _edata = .
                [!provide]                PROVIDE (__data_end, .)

.bss            0x00803c00       0x4f
                0x00803c00                PROVIDE (__bss_start, .)
 *(.bss)
 *(.bss*)
 .bss.bright_level
                0x00803c00        0x8 main.o
                0x00803c00                bright_level
 .bss.bright_mode_flag
                0x00803c08        0x4 main.o
                0x00803c08                bright_mode_flag
 .bss.bright_mode_counter
                0x00803c0c        0x4 main.o
                0x00803c0c                bright_mode_counter
 .bss.dev_mode_timer
                0x00803c10        0x4 main.o
                0x00803c10                dev_mode_timer
 .bss.dev_mode_flag
                0x00803c14        0x4 main.o
                0x00803c14                dev_mode_flag
 .bss.boost_total_timer
                0x00803c18        0x4 main.o
                0x00803c18                boost_total_timer
 .bss.boost_timer
                0x00803c1c        0x4 main.o
                0x00803c1c                boost_timer
 .bss.hold_flag
                0x00803c20        0x2 main.o
                0x00803c20                hold_flag
 .bss.hold_counter
                0x00803c22        0x4 main.o
                0x00803c22                hold_counter
 .bss.command_register
                0x00803c26        0x4 main.o
                0x00803c26                command_register
 .bss.total_tick_counter
                0x00803c2a        0x2 main.o
                0x00803c2a                total_tick_counter
 .bss.tick_counter
                0x00803c2c        0x4 main.o
                0x00803c2c                tick_counter
 .bss.command_counter_flag
                0x00803c30        0x2 main.o
                0x00803c30                command_counter_flag
 .bss.idle_flag
                0x00803c32        0x2 main.o
                0x00803c32                idle_flag
 .bss.counter   0x00803c34        0x4 main.o
                0x00803c34                counter
 .bss.Pitch_flag
                0x00803c38        0x4 main.o
                0x00803c38                Pitch_flag
 .bss.BuzzerCounter
                0x00803c3c        0x4 main.o
                0x00803c3c                BuzzerCounter
 .bss.BuzzerFlag
                0x00803c40        0x4 main.o
                0x00803c40                BuzzerFlag
 *(COMMON)
 COMMON         0x00803c44        0xb main.o
                0x00803c44                LightState
                0x00803c45                InputState
                0x00803c46                RepeatState
                0x00803c47                i
                0x00803c49                State
                0x00803c4a                NECState
                0x00803c4b                BrightModeState
                0x00803c4c                DevModeLightState
                0x00803c4d                PreviousBrightModeState
                0x00803c4e                BuzzerState
                0x00803c4f                PROVIDE (__bss_end, .)
                0x00001460                __data_load_start = LOADADDR (.data)
                0x00001460                __data_load_end = (__data_load_start + SIZEOF (.data))

.noinit         0x00803c4f        0x0
                [!provide]                PROVIDE (__noinit_start, .)
 *(.noinit*)
                [!provide]                PROVIDE (__noinit_end, .)
                0x00803c4f                _end = .
                [!provide]                PROVIDE (__heap_start, .)

.eeprom         0x00810000        0x0
 *(.eeprom*)
                0x00810000                __eeprom_end = .

.fuse
 *(.fuse)
 *(.lfuse)
 *(.hfuse)
 *(.efuse)

.lock
 *(.lock*)

.signature
 *(.signature*)

.user_signatures
 *(.user_signatures*)

.stab
 *(.stab)

.stabstr
 *(.stabstr)

.stab.excl
 *(.stab.excl)

.stab.exclstr
 *(.stab.exclstr)

.stab.index
 *(.stab.index)

.stab.indexstr
 *(.stab.indexstr)

.comment        0x00000000       0x30
 *(.comment)
 .comment       0x00000000       0x30 main.o
                                 0x31 (size before relaxing)

.note.gnu.avr.deviceinfo
                0x00000000       0x3c
 .note.gnu.avr.deviceinfo
                0x00000000       0x3c C:/Users/mehme/Desktop/7.0/Packs/atmel/ATmega_DFP/1.6.364/gcc/dev/atmega808/avrxmega3/short-calls/crtatmega808.o

.note.gnu.build-id
 *(.note.gnu.build-id)

.debug
 *(.debug)

.line
 *(.line)

.debug_srcinfo
 *(.debug_srcinfo)

.debug_sfnames
 *(.debug_sfnames)

.debug_aranges  0x00000000      0x108
 *(.debug_aranges)
 .debug_aranges
                0x00000000      0x108 main.o

.debug_pubnames
 *(.debug_pubnames)

.debug_info     0x00000000     0x34c3
 *(.debug_info .gnu.linkonce.wi.*)
 .debug_info    0x00000000     0x229c C:/Users/mehme/Desktop/7.0/Packs/atmel/ATmega_DFP/1.6.364/gcc/dev/atmega808/avrxmega3/short-calls/crtatmega808.o
 .debug_info    0x0000229c     0x1227 main.o

.debug_abbrev   0x00000000     0x2328
 *(.debug_abbrev)
 .debug_abbrev  0x00000000     0x20c2 C:/Users/mehme/Desktop/7.0/Packs/atmel/ATmega_DFP/1.6.364/gcc/dev/atmega808/avrxmega3/short-calls/crtatmega808.o
 .debug_abbrev  0x000020c2      0x266 main.o

.debug_line     0x00000000      0xfe8
 *(.debug_line .debug_line.* .debug_line_end)
 .debug_line    0x00000000      0x172 C:/Users/mehme/Desktop/7.0/Packs/atmel/ATmega_DFP/1.6.364/gcc/dev/atmega808/avrxmega3/short-calls/crtatmega808.o
 .debug_line    0x00000172      0xe76 main.o

.debug_frame    0x00000000      0x29c
 *(.debug_frame)
 .debug_frame   0x00000000      0x29c main.o

.debug_str      0x00000000     0x1ae5
 *(.debug_str)
 .debug_str     0x00000000      0xecd C:/Users/mehme/Desktop/7.0/Packs/atmel/ATmega_DFP/1.6.364/gcc/dev/atmega808/avrxmega3/short-calls/crtatmega808.o
 .debug_str     0x00000ecd      0xc18 main.o
                                0xd12 (size before relaxing)

.debug_loc      0x00000000      0x2e9
 *(.debug_loc)
 .debug_loc     0x00000000      0x2e9 main.o

.debug_macinfo
 *(.debug_macinfo)

.debug_weaknames
 *(.debug_weaknames)

.debug_funcnames
 *(.debug_funcnames)

.debug_typenames
 *(.debug_typenames)

.debug_varnames
 *(.debug_varnames)

.debug_pubtypes
 *(.debug_pubtypes)

.debug_ranges   0x00000000       0xf8
 *(.debug_ranges)
 .debug_ranges  0x00000000       0xf8 main.o

.debug_macro
 *(.debug_macro)
OUTPUT(KuartisHomework.elf elf32-avr)
LOAD linker stubs
